Checking for deprecated package usage... OK
Checking for remote package usage... OK
Checking for 'LazyData: true' usage... OK
Checking version number... OK
Checking version number validity... OK
Checking R version dependency... OK
Checking package size... OK
Checking individual file sizes... OK
Checking biocViews... OK
Checking that biocViews are present... OK
Checking package type based on biocViews... OK
Checking for non-trivial biocViews... OK
Checking that biocViews come from the same category... OK
Checking biocViews validity... OK
Checking for recommended biocViews... OK
Checking build system compatibility... OK
Checking for proper Description: field... OK
Checking if DESCRIPTION is well formatted... OK
Checking for whitespace in DESCRIPTION field names... OK
Checking that Package field matches directory/tarball name... OK
Checking for Version: field... OK
Checking for valid maintainer... OK
Checking License: for restrictive use... OK
Checking for recommended DESCRIPTION fields... OK
Checking for Bioconductor software dependencies... OK
Checking for pinned package versions in DESCRIPTION... OK
Checking for 'fnd' role in Authors@R... OK
Checking NAMESPACE... OK
Checking .Rbuildignore... OK
Checking for stray BiocCheck output folders... OK
Checking for inst/doc folders... OK
Checking vignette directory...
 Vignette(s) found with missing chunk labels
Found in files:
SwarnSeq.Rmd
Checking package installation calls in R code... OK
Checking for library/require of SwarnSeq... OK
Checking coding practice...
Avoid redundant 'stop' and 'warn*' in signal conditions
Found in files:
R/ExtAdjNormData.R (line 68, column 17)
R/SwarnAdjLRT.R (line 111, column 17)
R/SwarnClassDE.R (line 31, column 17)
R/SwarnTopTags.R (line 30, column 17)
R/SwarnUnadjLRT.R (line 100, column 17)
R/ZINBEM.R (line 103, column 19)
Checking parsed R code in R directory, examples, vignettes...
Avoid 'suppressWarnings'/'*Messages' if possible (found 4 times)
suppressWarnings() in R/ExtAdjNormData.R (line 103, column 18)
suppressWarnings() in R/SwarnAdjLRT.R (line 150, column 18)
suppressWarnings() in R/SwarnAdjLRT.R (line 174, column 16)
suppressWarnings() in R/SwarnUnadjLRT.R (line 128, column 16)
Checking function lengths...
The recommended function length is 50 lines or less. There are 4 functions greater than 50 lines.
The longest 5 functions are:
ZINBEM() (R/ZINBEM.R): 209 lines
swarnAdjLrt() (R/SwarnAdjLRT.R): 142 lines
swarnUnadjLrt() (R/SwarnUnadjLRT.R): 104 lines
extAdjNormData() (R/ExtAdjNormData.R):  93 lines
Checking man page documentation... OK
Checking package NEWS... OK
Checking unit tests... OK
Checking skip_on_bioc() in tests... OK
Checking formatting of DESCRIPTION, NAMESPACE, man pages, R source, and vignette source...
Consider shorter lines; 280 lines (19%) are > 80 characters long.
First few lines:
R/CapEff.R#L3 #' This function estimates the capture e ...
R/CapEff.R#L4 #' This function takes ERCC spike-in tra ...
R/CapEff.R#L7 #' @param sce This is a gene-by-cell raw ...
R/CapEff.R#L8 #' @param CE.range This is a two-element ...
R/CapEff.R#L9 #' @param RNAspike.use This is a logical ...
R/CapEff.R#L10 #' @param spike_in_sce This is a single  ...
R/CapEff.R#L11 #' # spike-in counts: This is the observ ...
R/CapEff.R#L12 #' # spike concentrations: This is a vec ...
R/CapEff.R#L13 #' @param method A string that specifies ...
R/CapEff.R#L30 #' capeff <- capEff(sce = testData,CE.ra ...
R/CapEff.R#L31 capEff <- function(sce, CE.range, RNAspi ...
R/CapEff.R#L41             CE <- capeff.spike;names(CE) ...
R/CapEff.R#L45                 spik <- as.numeric(spike ...
R/CapEff.R#L46                 mod.spike <- stats::lm(s ...
R/CapEff.R#L51                 message("CE can not be m ...
R/dzinb.R#L1 #' @title Probability Density for the Ze ...
R/dzinb.R#L3 #' This function calculates the probabil ...
R/dzinb.R#L4 #' @param x This is a vector of non-nega ...
R/dzinb.R#L5 #' @param size This is the over-dispersi ...
R/dzinb.R#L8 #' @param log A logical value. If TRUE,  ...
R/dzinb.R#L28         show.custom.warning("The probabi ...
R/dzinb.R#L35     out <- rho * (x == 0) + (1 - rho) *  ...
R/ExtAdjNormData.R#L3 #' This function adjusts the scRNA-seq d ...
R/ExtAdjNormData.R#L4 #' @param sce This is a gene-by-cell raw ...
R/ExtAdjNormData.R#L5 #' # groups: This is a vector of factors ...
R/ExtAdjNormData.R#L6 #' @param norm.method There are three di ...
R/ExtAdjNormData.R#L7 #' @param method A string that specifies ...
R/ExtAdjNormData.R#L8 #' @param RNAspike.use This is a logical ...
R/ExtAdjNormData.R#L9 #' @param spike_in_sce This is a single  ...
R/ExtAdjNormData.R#L10 #' # spike-in counts: This is the observ ...
R/ExtAdjNormData.R#L11 #' # spike concentrations: This is a vec ...
R/ExtAdjNormData.R#L12 #' @param CE.range This is a two-element ...
R/ExtAdjNormData.R#L14 #' This function returns a list of two d ...
R/ExtAdjNormData.R#L30 #' ExtData <- extAdjNormData(sce=testDat ...
R/ExtAdjNormData.R#L31 extAdjNormData <- function(sce, norm.met ...
R/ExtAdjNormData.R#L61         warning("The length of 'group' & ...
R/ExtAdjNormData.R#L68         warning("There may be an error i ...
R/ExtAdjNormData.R#L74             CE <- capeff.spike;names(CE) ...
R/ExtAdjNormData.R#L86                 message("CE can not be m ...
R/ExtAdjNormData.R#L112         CountData <- t(apply(CountData,  ...
R/ExtAdjNormData.R#L117         CountData <- t(apply(CountData,  ...
R/SpikeInData.R#L3 #' A SingleCellExperiment object contain ...
R/SpikeInData.R#L12 #'    Codeluppi, S., Plaza Reyes, A., Li ...
R/SpikeInData.R#L15 #'    \href{https://doi.org/10.1016/j.ce ...
R/SwarnAdjLRT.R#L3 #' This function performs differential g ...
R/SwarnAdjLRT.R#L4 #' The input is a non-negative integer m ...
R/SwarnAdjLRT.R#L5 #' The primary objective is to identify  ...
R/SwarnAdjLRT.R#L6 #' This analysis is a downstream step fo ...
R/SwarnAdjLRT.R#L7 #' @param sce This is a gene-by-cell raw ...
R/SwarnAdjLRT.R#L8 #' # clusters: This is a vector of facto ...
R/SwarnAdjLRT.R#L9 #' # groups: This is a vector of factors ...
R/SwarnAdjLRT.R#L10 #' # 'auxil' is for CellAuxil: This is a ...
R/SwarnAdjLRT.R#L11 #' @param norm.method There are three di ...
R/SwarnAdjLRT.R#L12 #' @param maxit This is the maximum numb ...
R/SwarnAdjLRT.R#L13 #' @param eps This is the convergence cr ...
R/SwarnAdjLRT.R#L14 #' @param muoffset This is the offset pa ...
R/SwarnAdjLRT.R#L15 #' @param phioffset This is the offset p ...
R/SwarnAdjLRT.R#L16 #' @param weights This is the observatio ...
R/SwarnAdjLRT.R#L17 #' @param method A string that specifies ...
R/SwarnAdjLRT.R#L18 #' @param p.value.adj.method A string th ...
R/SwarnAdjLRT.R#L19 #' @param RNAspike.use This is a logical ...
R/SwarnAdjLRT.R#L20 #' @param spike_in_sce This is a single  ...
R/SwarnAdjLRT.R#L21 #' # spike-in counts: This is the observ ...
R/SwarnAdjLRT.R#L22 #' # spike concentrations: This is a vec ...
R/SwarnAdjLRT.R#L23 #' @param CE.range This is a two-element ...
R/SwarnAdjLRT.R#L25 #' This function analyzes single-cell RN ...
R/SwarnAdjLRT.R#L46 #' # SpikeInData <- SingleCellExperiment ...
R/SwarnAdjLRT.R#L50 swarnAdjLrt <- function(sce, norm.method ...
R/SwarnAdjLRT.R#L80     if (ncol(CountData) != length(group) ...
R/SwarnAdjLRT.R#L81         warning("The length of 'group' & ...
R/SwarnAdjLRT.R#L85         warning("The length of the cell- ...
R/SwarnAdjLRT.R#L111         warning("There may be an error i ...
R/SwarnAdjLRT.R#L132                 message(c("CE can not be ...
R/SwarnAdjLRT.R#L159         CountData <- t(apply(CountData,  ...
R/SwarnAdjLRT.R#L168     totalAdjMeans_1 <- rowMeans(CountDat ...
R/SwarnAdjLRT.R#L169     totalAdjMeans_2 <- rowMeans(CountDat ...
R/SwarnAdjLRT.R#L174     results <- suppressWarnings(ZINBEM(c ...
R/SwarnAdjLRT.R#L177     adj.method <- stats::p.adjust.method ...
R/SwarnAdjLRT.R#L183     adj.pval.DZI <- stats::p.adjust(p.DZ ...
R/SwarnAdjLRT.R#L188     Final_Results <- cbind(All_Adj_Means ...
R/SwarnClassDE.R#L3 #' This function is used to clasify the  ...
R/SwarnClassDE.R#L4 #' @param results This is obtained from  ...
R/SwarnClassDE.R#L7 #' It returns the list with one more ele ...
R/SwarnClassDE.R#L19 #' # SpikeInData <- SingleCellExperiment ...
R/SwarnClassDE.R#L22 #' res <- swarnAdjLrt(sce=testData,norm. ...
R/SwarnClassDE.R#L31         warning("Invalid input of the wr ...
R/SwarnClassDE.R#L42     class <- ifelse(results[[var]][,9] < ...
R/SwarnSeqToyData.R#L3 #' A test dataset containing a single-ce ...
R/SwarnSeqToyData.R#L12 #'    Codeluppi, S., Plaza Reyes, A., Li ...
R/SwarnSeqToyData.R#L15 #'    \href{https://doi.org/10.1016/j.ce ...
R/SwarnTopTags.R#L3 #' This function selects the most statis ...
R/SwarnTopTags.R#L4 #' @param results This is obtained from  ...
R/SwarnTopTags.R#L5 #' @param m This is an integer that repr ...
R/SwarnTopTags.R#L19 #' # SpikeInData <- SingleCellExperiment ...
R/SwarnTopTags.R#L22 #' res <- swarnAdjLrt(sce=testData,norm. ...
R/SwarnTopTags.R#L30         warning("Invalid input of the wr ...
R/SwarnUnadjLRT.R#L1 #' @title Differential gene expression a ...
R/SwarnUnadjLRT.R#L3 #' This function performs differential g ...
R/SwarnUnadjLRT.R#L4 #' The input is a non-negative integer m ...
R/SwarnUnadjLRT.R#L5 #' The primary objective is to identify  ...
R/SwarnUnadjLRT.R#L6 #' This analysis is a downstream step fo ...
R/SwarnUnadjLRT.R#L7 #' @param sce This is a gene-by-cell raw ...
R/SwarnUnadjLRT.R#L8 #' # clusters: This is a vector of facto ...
R/SwarnUnadjLRT.R#L9 #' # groups: This is a vector of factors ...
R/SwarnUnadjLRT.R#L10 #' # 'auxil' is for CellAuxil: This is a ...
R/SwarnUnadjLRT.R#L11 #' @param norm.method There are three di ...
R/SwarnUnadjLRT.R#L12 #' @param maxit This is the maximum numb ...
R/SwarnUnadjLRT.R#L13 #' @param eps This is the convergence cr ...
R/SwarnUnadjLRT.R#L14 #' @param muoffset This is the offset pa ...
R/SwarnUnadjLRT.R#L15 #' @param phioffset This is the offset p ...
R/SwarnUnadjLRT.R#L16 #' @param weights This is the observatio ...
R/SwarnUnadjLRT.R#L17 #' @param method A string that specifies ...
R/SwarnUnadjLRT.R#L18 #' @param p.value.adj.method A string th ...
R/SwarnUnadjLRT.R#L20 #' This function analyzes single-cell RN ...
R/SwarnUnadjLRT.R#L42 swarnUnadjLrt <- function(sce, norm.meth ...
R/SwarnUnadjLRT.R#L69     if (ncol(CountData) != length(group) ...
R/SwarnUnadjLRT.R#L70         warning("The length of 'group' & ...
R/SwarnUnadjLRT.R#L74         warning("The length of the cell- ...
R/SwarnUnadjLRT.R#L100         warning("There may be an error i ...
R/SwarnUnadjLRT.R#L112         CountData <- ceiling(CountData); ...
R/SwarnUnadjLRT.R#L122     totalMeans_1 <- rowMeans(CountData[r ...
R/SwarnUnadjLRT.R#L123     totalMeans_2 <- rowMeans(CountData[r ...
R/SwarnUnadjLRT.R#L128     results <- suppressWarnings(ZINBEM(c ...
R/SwarnUnadjLRT.R#L131     adj.method <- stats::p.adjust.method ...
R/SwarnUnadjLRT.R#L137     adj.pval.DZI <- stats::p.adjust(p.DZ ...
R/SwarnUnadjLRT.R#L142     Final_Results <- cbind(All_Means, Fo ...
R/ZINBEM.R#L3 #' This function uses the Expected-Maxim ...
R/ZINBEM.R#L5 #' @param group This is a vector of fact ...
R/ZINBEM.R#L6 #' @param CellCluster This is a vector o ...
R/ZINBEM.R#L7 #' @param CellAuxil This is a vector of  ...
R/ZINBEM.R#L8 #' @param weights This is the observatio ...
R/ZINBEM.R#L9 #' @param muoffset This is the offset pa ...
R/ZINBEM.R#L10 #' @param phioffset This is the offset p ...
R/ZINBEM.R#L11 #' @param maxit This is the maximum numb ...
R/ZINBEM.R#L12 #' @param eps This is the convergence cr ...
R/ZINBEM.R#L30 ZINBEM <- function(counts_data, group, C ...
R/ZINBEM.R#L44         loglik0 <- log(pi0 + exp(log(1 - ...
R/ZINBEM.R#L45         loglik1 <- log(1 - pi0) + dnbino ...
R/ZINBEM.R#L46         loglik <- -sum(weights[Y0] * log ...
R/ZINBEM.R#L62         wres_count <- ifelse(Y1, Ycounts ...
R/ZINBEM.R#L64         wres_zero <- ifelse(Y1, -1 / ((1 ...
R/ZINBEM.R#L65         wres_theta <- theta * ifelse(Y1, ...
R/ZINBEM.R#L95     c_clust_length <- length(levels(Cell ...
R/ZINBEM.R#L97         res <- list(parms = matrix(nrow  ...
R/ZINBEM.R#L99         res <- list(parms = matrix(nrow  ...
R/ZINBEM.R#L106         model_count <- glm.fit(x = X, y  ...
R/ZINBEM.R#L107         model_zero <- glm.fit(x = Z, y = ...
R/ZINBEM.R#L109         start <- list(count = model_coun ...
R/ZINBEM.R#L113         probi <- probi / (probi + (1 - p ...
R/ZINBEM.R#L115         ll_new <- zinb_loglikfun(par = c ...
R/ZINBEM.R#L121                     model_count <- MASS: ...
R/ZINBEM.R#L122                     model_zero <- glm.fi ...
R/ZINBEM.R#L123                     start <- list(count  ...
R/ZINBEM.R#L124                     mui <- model_count$f ...
R/ZINBEM.R#L125                     probi <- probi / (pr ...
R/ZINBEM.R#L127                     ll_new <- zinb_logli ...
R/ZINBEM.R#L135                 start$iter <- iter;start ...
R/ZINBEM.R#L150                 model_count <- glm.fit(x ...
R/ZINBEM.R#L152                 fit <- stats::optim(par  ...
R/ZINBEM.R#L154                 start$count <- fit$par[s ...
R/ZINBEM.R#L155                 start$zero <- fit$par[(k ...
R/ZINBEM.R#L156                 start$theta <- 1;start$i ...
R/ZINBEM.R#L159                 model_count <- glm.fit(x ...
R/ZINBEM.R#L161                 fit <- stats::optim(par  ...
R/ZINBEM.R#L162                 start <- list();start$co ...
R/ZINBEM.R#L163                 start$zero <- fit$par[(k ...
R/ZINBEM.R#L167             start <- start2;start$iter < ...
R/ZINBEM.R#L180         likH0 <- sum(dzinb(Y, size = sta ...
R/ZINBEM.R#L181         likH <- sum(dzinb(Y, size = star ...
R/ZINBEM.R#L184         pval <- exp(stats::pchisq(lrt.st ...
R/ZINBEM.R#L190         phi.likH0 <- sum(dzinb(Y, size = ...
R/ZINBEM.R#L191         phi.likH <- sum(dzinb(Y, size =  ...
R/ZINBEM.R#L194         pval.phi <- exp(stats::pchisq(lr ...
man/capEff.Rd#L10 \item{sce}{This is a gene-by-cell raw co ...
man/capEff.Rd#L12 \item{CE.range}{This is a two-element ve ...
man/capEff.Rd#L14 \item{RNAspike.use}{This is a logical pa ...
man/capEff.Rd#L16 \item{spike_in_sce}{This is a single cel ...
man/capEff.Rd#L17 # spike-in counts: This is the observed  ...
man/capEff.Rd#L18 # spike concentrations: This is a vector ...
man/capEff.Rd#L20 \item{method}{A string that specifies th ...
man/capEff.Rd#L26 This function estimates the capture effi ...
man/capEff.Rd#L27 This function takes ERCC spike-in transc ...
man/dzinb.Rd#L10 \item{x}{This is a vector of non-negativ ...
man/dzinb.Rd#L12 \item{size}{This is the over-dispersion  ...
man/dzinb.Rd#L18 \item{log}{A logical value. If TRUE, thi ...
man/dzinb.Rd#L24 This function calculates the probability ...
man/extAdjNormData.Rd#L17 \item{sce}{This is a gene-by-cell raw co ...
man/extAdjNormData.Rd#L18 # groups: This is a vector of factors wi ...
man/extAdjNormData.Rd#L20 \item{norm.method}{There are three disti ...
man/extAdjNormData.Rd#L22 \item{method}{A string that specifies th ...
man/extAdjNormData.Rd#L24 \item{RNAspike.use}{This is a logical pa ...
man/extAdjNormData.Rd#L26 \item{spike_in_sce}{This is a single cel ...
man/extAdjNormData.Rd#L27 # spike-in counts: This is the observed  ...
man/extAdjNormData.Rd#L28 # spike concentrations: This is a vector ...
man/extAdjNormData.Rd#L30 \item{CE.range}{This is a two-element ve ...
man/extAdjNormData.Rd#L33 This function returns a list of two dist ...
man/extAdjNormData.Rd#L36 This function adjusts the scRNA-seq data ...
man/SpikeInData.Rd#L15    Codeluppi, S., Plaza Reyes, A., Linna ...
man/SpikeInData.Rd#L18    \href{https://doi.org/10.1016/j.cell. ...
man/SpikeInData.Rd#L24 A SingleCellExperiment object containing ...
man/swarnAdjLrt.Rd#L23 \item{sce}{This is a gene-by-cell raw co ...
man/swarnAdjLrt.Rd#L24 # clusters: This is a vector of factors  ...
man/swarnAdjLrt.Rd#L25 # groups: This is a vector of factors wi ...
man/swarnAdjLrt.Rd#L26 # 'auxil' is for CellAuxil: This is a ve ...
man/swarnAdjLrt.Rd#L28 \item{norm.method}{There are three disti ...
man/swarnAdjLrt.Rd#L30 \item{maxit}{This is the maximum number  ...
man/swarnAdjLrt.Rd#L32 \item{eps}{This is the convergence crite ...
man/swarnAdjLrt.Rd#L34 \item{muoffset}{This is the offset param ...
man/swarnAdjLrt.Rd#L36 \item{phioffset}{This is the offset para ...
man/swarnAdjLrt.Rd#L38 \item{weights}{This is the observation-w ...
man/swarnAdjLrt.Rd#L40 \item{method}{A string that specifies th ...
man/swarnAdjLrt.Rd#L42 \item{p.value.adj.method}{A string that  ...
man/swarnAdjLrt.Rd#L44 \item{RNAspike.use}{This is a logical pa ...
man/swarnAdjLrt.Rd#L46 \item{spike_in_sce}{This is a single cel ...
man/swarnAdjLrt.Rd#L47 # spike-in counts: This is the observed  ...
man/swarnAdjLrt.Rd#L48 # spike concentrations: This is a vector ...
man/swarnAdjLrt.Rd#L50 \item{CE.range}{This is a two-element ve ...
man/swarnAdjLrt.Rd#L53 This function analyzes single-cell RNA-s ...
man/swarnAdjLrt.Rd#L56 This function performs differential gene ...
man/swarnAdjLrt.Rd#L57 The input is a non-negative integer matr ...
man/swarnAdjLrt.Rd#L58 The primary objective is to identify gen ...
man/swarnAdjLrt.Rd#L59 This analysis is a downstream step follo ...
man/swarnAdjLrt.Rd#L70 # SpikeInData <- SingleCellExperiment(as ...
man/swarnClassDe.Rd#L15 It returns the list with one more elemen ...
man/swarnClassDe.Rd#L18 This function is used to clasify the inf ...
man/swarnClassDe.Rd#L30 # SpikeInData <- SingleCellExperiment(as ...
man/swarnClassDe.Rd#L33 res <- swarnAdjLrt(sce=testData,norm.met ...
man/SwarnSeqToyData.Rd#L15    Codeluppi, S., Plaza Reyes, A., Linna ...
man/SwarnSeqToyData.Rd#L18    \href{https://doi.org/10.1016/j.cell. ...
man/SwarnSeqToyData.Rd#L24 A test dataset containing a single-cell  ...
man/swarnTopTags.Rd#L12 \item{m}{This is an integer that represe ...
man/swarnTopTags.Rd#L18 This function selects the most statistic ...
man/swarnTopTags.Rd#L30 # SpikeInData <- SingleCellExperiment(as ...
man/swarnUnadjLrt.Rd#L5 \title{Differential gene expression anal ...
man/swarnUnadjLrt.Rd#L20 \item{sce}{This is a gene-by-cell raw co ...
man/swarnUnadjLrt.Rd#L21 # clusters: This is a vector of factors  ...
man/swarnUnadjLrt.Rd#L22 # groups: This is a vector of factors wi ...
man/swarnUnadjLrt.Rd#L23 # 'auxil' is for CellAuxil: This is a ve ...
man/swarnUnadjLrt.Rd#L25 \item{norm.method}{There are three disti ...
man/swarnUnadjLrt.Rd#L27 \item{maxit}{This is the maximum number  ...
man/swarnUnadjLrt.Rd#L29 \item{eps}{This is the convergence crite ...
man/swarnUnadjLrt.Rd#L31 \item{muoffset}{This is the offset param ...
man/swarnUnadjLrt.Rd#L33 \item{phioffset}{This is the offset para ...
man/swarnUnadjLrt.Rd#L35 \item{weights}{This is the observation-w ...
man/swarnUnadjLrt.Rd#L37 \item{method}{A string that specifies th ...
man/swarnUnadjLrt.Rd#L39 \item{p.value.adj.method}{A string that  ...
man/swarnUnadjLrt.Rd#L42 This function analyzes single-cell RNA-s ...
man/swarnUnadjLrt.Rd#L45 This function performs differential gene ...
man/swarnUnadjLrt.Rd#L46 The input is a non-negative integer matr ...
man/swarnUnadjLrt.Rd#L47 The primary objective is to identify gen ...
man/swarnUnadjLrt.Rd#L48 This analysis is a downstream step follo ...
man/ZINBEM.Rd#L22 \item{group}{This is a vector of factors ...
man/ZINBEM.Rd#L24 \item{CellCluster}{This is a vector of f ...
man/ZINBEM.Rd#L26 \item{CellAuxil}{This is a vector of fac ...
man/ZINBEM.Rd#L28 \item{weights}{This is the observation-w ...
man/ZINBEM.Rd#L30 \item{muoffset}{This is the offset param ...
man/ZINBEM.Rd#L32 \item{phioffset}{This is the offset para ...
man/ZINBEM.Rd#L34 \item{maxit}{This is the maximum number  ...
man/ZINBEM.Rd#L36 \item{eps}{This is the convergence crite ...
man/ZINBEM.Rd#L42 This function uses the Expected-Maximiza ...
vignettes/SwarnSeq.Rmd#L25 Differential Expression (DE) analysis se ...
vignettes/SwarnSeq.Rmd#L27 For example, DEsingle, a widely used met ...
vignettes/SwarnSeq.Rmd#L31 This R package performs differential exp ...
vignettes/SwarnSeq.Rmd#L51 There are actually two major functions t ...
vignettes/SwarnSeq.Rmd#L53 **swarnUnadjLrt:** This function perform ...
vignettes/SwarnSeq.Rmd#L55 **swarnAdjLrt:** This function performs  ...
vignettes/SwarnSeq.Rmd#L59 After obtaining the results, a user can  ...
vignettes/SwarnSeq.Rmd#L61 **swarnClassDe:** This function is used  ...
vignettes/SwarnSeq.Rmd#L63 **swarnTopTags**: This function selects  ...
vignettes/SwarnSeq.Rmd#L67 The remaining functions, named 'CapEff'  ...
vignettes/SwarnSeq.Rmd#L69 **capEff:** This function estimates the  ...
vignettes/SwarnSeq.Rmd#L71 **extAdjNormData:** This function return ...
vignettes/SwarnSeq.Rmd#L75 To keep the runtime managable for this d ...
vignettes/SwarnSeq.Rmd#L85 testData <- SingleCellExperiment(assays  ...
vignettes/SwarnSeq.Rmd#L86 SwarnAdjLRT_Results <- swarnAdjLrt(sce = ...
vignettes/SwarnSeq.Rmd#L90 Please visit the documentation page to k ...
vignettes/SwarnSeq.Rmd#L101 capeff <- capEff(sce = testData,CE.range ...
vignettes/SwarnSeq.Rmd#L102 extractedAdjNormData <- extAdjNormData(s ...
vignettes/SwarnSeq.Rmd#L112 Das, S., & Rai, S. N. (2021). SwarnSeq:  ...
vignettes/SwarnSeq.Rmd#L114 We hope this package helps you get the b ...
Consider multiples of 4 spaces for line indents; 46 lines (3%) are not.
First few lines:
man/extAdjNormData.Rd#L8   sce, ...
man/extAdjNormData.Rd#L9   norm.method = c("DEseq.norm", "TMM", " ...
man/extAdjNormData.Rd#L10   method = "ML", ...
man/extAdjNormData.Rd#L11   RNAspike.use = FALSE, ...
man/extAdjNormData.Rd#L12   spike_in_sce, ...
man/extAdjNormData.Rd#L13   CE.range = c(0.01, 0.5) ...
man/SpikeInData.Rd#L9    \item{CountData}{This is a gene-by-ce ...
man/SpikeInData.Rd#L15    Codeluppi, S., Plaza Reyes, A., Linna ...
man/SpikeInData.Rd#L16    Single-Cell RNA-Seq Reveals Lineage a ...
man/SpikeInData.Rd#L17    Preimplantation Embryos. Cell, 165(4) ...
man/SpikeInData.Rd#L18    \href{https://doi.org/10.1016/j.cell. ...
man/swarnAdjLrt.Rd#L8   sce, ...
man/swarnAdjLrt.Rd#L9   norm.method = c("DEseq.norm", "TMM", " ...
man/swarnAdjLrt.Rd#L10   maxit = 100, ...
man/swarnAdjLrt.Rd#L11   eps = 1e-04, ...
man/swarnAdjLrt.Rd#L12   muoffset = NULL, ...
man/swarnAdjLrt.Rd#L13   phioffset = NULL, ...
man/swarnAdjLrt.Rd#L14   weights = NULL, ...
man/swarnAdjLrt.Rd#L15   method = "ML", ...
man/swarnAdjLrt.Rd#L16   p.value.adj.method = "BH", ...
man/swarnAdjLrt.Rd#L17   RNAspike.use = FALSE, ...
man/swarnAdjLrt.Rd#L18   spike_in_sce, ...
man/swarnAdjLrt.Rd#L19   CE.range = c(0.01, 0.5) ...
man/SwarnSeqToyData.Rd#L9    \item{CountData}{This is a gene-by-ce ...
man/SwarnSeqToyData.Rd#L15    Codeluppi, S., Plaza Reyes, A., Linna ...
man/SwarnSeqToyData.Rd#L16    Single-Cell RNA-Seq Reveals Lineage a ...
man/SwarnSeqToyData.Rd#L17    Preimplantation Embryos. Cell, 165(4) ...
man/SwarnSeqToyData.Rd#L18    \href{https://doi.org/10.1016/j.cell. ...
man/swarnUnadjLrt.Rd#L8   sce, ...
man/swarnUnadjLrt.Rd#L9   norm.method = c("DEseq.norm", "TMM", " ...
man/swarnUnadjLrt.Rd#L10   maxit = 100, ...
man/swarnUnadjLrt.Rd#L11   eps = 1e-04, ...
man/swarnUnadjLrt.Rd#L12   muoffset = NULL, ...
man/swarnUnadjLrt.Rd#L13   phioffset = NULL, ...
man/swarnUnadjLrt.Rd#L14   weights = NULL, ...
man/swarnUnadjLrt.Rd#L15   method = NA, ...
man/swarnUnadjLrt.Rd#L16   p.value.adj.method = "BH" ...
man/ZINBEM.Rd#L8   counts_data, ...
man/ZINBEM.Rd#L9   group, ...
man/ZINBEM.Rd#L10   CellCluster, ...
man/ZINBEM.Rd#L11   CellAuxil = NULL, ...
man/ZINBEM.Rd#L12   weights = NULL, ...
man/ZINBEM.Rd#L13   muoffset = NULL, ...
man/ZINBEM.Rd#L14   phioffset = NULL, ...
man/ZINBEM.Rd#L15   maxit = NULL, ...
man/ZINBEM.Rd#L16   eps = NULL ...
Checking if package already exists in CRAN... OK
Checking for bioc-devel mailing list subscription...
Cannot determine whether maintainer is subscribed to the Bioc-Devel mailing list (requires admin credentials). Subscribe here: https://stat.ethz.ch/mailman/listinfo/bioc-devel
Checking for support site registration... OK
